> hvigor [32mFinished :maplibre_harmony:default@PreBuild... after 53 ms [39m
> hvigor [32mFinished :maplibre_harmony:default@CreateModuleInfo... after 1 ms [39m
> hvigor [32mFinished :maplibre_harmony:default@GenerateMetadata... after 1 ms [39m
> hvigor [32mFinished :maplibre_harmony:default@ConfigureCmake... after 5 ms [39m
> hvigor [32mFinished :maplibre_harmony:default@MergeProfile... after 2 ms [39m
> hvigor [32mFinished :maplibre_harmony:default@CreateBuildProfile... after 1 ms [39m
> hvigor [32mFinished :maplibre_harmony:default@PreCheckSyscap... after 1 ms [39m
> hvigor [32mFinished :maplibre_harmony:default@ProcessIntegratedHsp... after 1 ms [39m
> hvigor [32mFinished :maplibre_harmony:default@BuildNativeWithCmake... after 7 ms [39m
> hvigor [32mFinished :maplibre_harmony:default@MakePackInfo... after 1 ms [39m
> hvigor [32mFinished :maplibre_harmony:default@SyscapTransform... after 1 ms [39m
> hvigor [32mFinished :maplibre_harmony:default@GeneratePkgContextInfo... after 37 ms [39m
> hvigor [32mFinished :maplibre_harmony:default@ProcessProfile... after 73 ms [39m
> hvigor [32mFinished :maplibre_harmony:default@ProcessRouterMap... after 1 ms [39m
> hvigor [32mFinished :maplibre_harmony:default@ProcessShareConfig... after 1 ms [39m
> hvigor [32mFinished :maplibre_harmony:default@ProcessStartupConfig... after 1 ms [39m
> hvigor [32mFinished :maplibre_harmony:default@ProcessResource... after 2 ms [39m
> hvigor [32mFinished :maplibre_harmony:default@GenerateLoaderJson... after 3 ms [39m
> hvigor [32mFinished :maplibre_harmony:default@CompileResource... after 139 ms [39m
> hvigor [32mFinished :maplibre_harmony:default@BuildJS... after 1 ms [39m
> hvigor [32mFinished :maplibre_harmony:default@BuildNativeWithNinja... after 2 s 413 ms [39m
> hvigor [33mWARN: [33mWARN: [33m[33mArkTS:WARN File: /Users/yidafu/github/maplibre-native/platform/harmony/maplibre_harmony/src/main/ets/pages/Index.ets:161:12
 'pushUrl' has been deprecated.
[39m[39m
[33mWARN: [33m[33mArkTS:WARN File: /Users/yidafu/github/maplibre-native/platform/harmony/maplibre_harmony/src/main/ets/pages/BasicMapPage.ets:25:20
 'back' has been deprecated.
[39m[39m
[33mWARN: [33m[33mArkTS:WARN File: /Users/yidafu/github/maplibre-native/platform/harmony/maplibre_harmony/src/main/ets/pages/GestureTestPage.ets:36:20
 'back' has been deprecated.
[39m[39m
[39m
> hvigor [32mFinished :maplibre_harmony:default@CompileArkTS... after 2 s 620 ms [39m
> hvigor [32mFinished :maplibre_harmony:default@ProcessLibs... after 3 s 21 ms [39m
> hvigor [32mFinished :maplibre_harmony:default@DoNativeStrip... after 89 ms [39m
> hvigor [32mFinished :maplibre_harmony:default@CacheNativeLibs... after 2 ms [39m
> hvigor [32mFinished :maplibre_harmony:default@GeneratePkgModuleJson... after 1 ms [39m
> hvigor [32mFinished :maplibre_harmony:default@ProcessCompiledResources... after 1 ms [39m
> hvigor [32mFinished :maplibre_harmony:default@PackageHap... after 125 ms [39m
> hvigor [32mFinished :maplibre_harmony:default@PackingCheck... after 2 ms [39m
> hvigor [32mFinished :maplibre_harmony:default@SignHap... after 1 s 93 ms [39m
> hvigor [32mFinished :maplibre_harmony:default@CollectDebugSymbol... after 1 ms [39m
> hvigor [32mFinished :maplibre_harmony:assembleHap... after 1 ms [39m
> hvigor [32mBUILD SUCCESSFUL in 7 s 714 ms [39m
