> hvigor [32mUP-TO-DATE :maplibre_harmony:default@PreBuild...  [39m
> hvigor [32mFinished :maplibre_harmony:default@CreateModuleInfo... after 2 ms [39m
> hvigor [32mUP-TO-DATE :maplibre_harmony:default@GenerateMetadata...  [39m
> hvigor [32mFinished :maplibre_harmony:default@ConfigureCmake... after 6 ms [39m
> hvigor [32mUP-TO-DATE :maplibre_harmony:default@MergeProfile...  [39m
> hvigor [32mUP-TO-DATE :maplibre_harmony:default@CreateBuildProfile...  [39m
> hvigor [32mFinished :maplibre_harmony:default@PreCheckSyscap... after 1 ms [39m
> hvigor [32mFinished :maplibre_harmony:default@ProcessIntegratedHsp... after 1 ms [39m
> hvigor [32mFinished :maplibre_harmony:default@BuildNativeWithCmake... after 7 ms [39m
> hvigor [32mUP-TO-DATE :maplibre_harmony:default@MakePackInfo...  [39m
> hvigor [32mFinished :maplibre_harmony:default@SyscapTransform... after 7 ms [39m
> hvigor [32mFinished :maplibre_harmony:default@BuildNativeWithNinja... after 6 s 927 ms [39m
> hvigor [32mUP-TO-DATE :maplibre_harmony:default@GeneratePkgContextInfo...  [39m
> hvigor [32mFinished :maplibre_harmony:default@ProcessLibs... after 2 s 800 ms [39m
> hvigor [32mUP-TO-DATE :maplibre_harmony:default@ProcessProfile...  [39m
> hvigor [32mUP-TO-DATE :maplibre_harmony:default@ProcessRouterMap...  [39m
> hvigor [32mUP-TO-DATE :maplibre_harmony:default@ProcessShareConfig...  [39m
> hvigor [32mFinished :maplibre_harmony:default@ProcessStartupConfig... after 1 ms [39m
> hvigor [32mFinished :maplibre_harmony:default@DoNativeStrip... after 76 ms [39m
> hvigor [32mUP-TO-DATE :maplibre_harmony:default@ProcessResource...  [39m
> hvigor [32mUP-TO-DATE :maplibre_harmony:default@GenerateLoaderJson...  [39m
> hvigor [32mFinished :maplibre_harmony:default@CacheNativeLibs... after 2 ms [39m
> hvigor [32mUP-TO-DATE :maplibre_harmony:default@CompileResource...  [39m
> hvigor [32mUP-TO-DATE :maplibre_harmony:default@CompileArkTS...  [39m
> hvigor [32mFinished :maplibre_harmony:default@BuildJS... after 1 ms [39m
> hvigor [32mUP-TO-DATE :maplibre_harmony:default@GeneratePkgModuleJson...  [39m
> hvigor [32mFinished :maplibre_harmony:default@ProcessCompiledResources... after 1 ms [39m
> hvigor [32mFinished :maplibre_harmony:default@PackageHap... after 385 ms [39m
> hvigor [32mFinished :maplibre_harmony:default@PackingCheck... after 2 ms [39m
> hvigor [32mFinished :maplibre_harmony:default@SignHap... after 1 s 38 ms [39m
> hvigor [32mFinished :maplibre_harmony:default@CollectDebugSymbol... after 1 ms [39m
> hvigor [32mFinished :maplibre_harmony:assembleHap... after 1 ms [39m
> hvigor [32mBUILD SUCCESSFUL in 12 s 265 ms [39m
