> hvigor [32mUP-TO-DATE :maplibre_harmony:default@PreBuild...  [39m
> hvigor [32mFinished :maplibre_harmony:default@CreateModuleInfo... after 1 ms [39m
> hvigor [32mFinished :maplibre_harmony:default@GenerateMetadata... after 2 ms [39m
> hvigor [32mFinished :maplibre_harmony:default@ConfigureCmake... after 6 ms [39m
> hvigor [32mFinished :maplibre_harmony:default@MergeProfile... after 2 ms [39m
> hvigor [32mFinished :maplibre_harmony:default@CreateBuildProfile... after 1 ms [39m
> hvigor [32mFinished :maplibre_harmony:default@PreCheckSyscap... after 1 ms [39m
> hvigor [32mFinished :maplibre_harmony:default@ProcessIntegratedHsp... after 1 ms [39m
> hvigor [32mFinished :maplibre_harmony:default@BuildNativeWithCmake... after 20 ms [39m
> hvigor [32mFinished :maplibre_harmony:default@MakePackInfo... after 2 ms [39m
> hvigor [32mFinished :maplibre_harmony:default@SyscapTransform... after 14 ms [39m
> hvigor [32mFinished :maplibre_harmony:default@BuildNativeWithNinja... after 2 s 380 ms [39m
> hvigor [32mFinished :maplibre_harmony:default@GeneratePkgContextInfo... after 37 ms [39m
> hvigor [32mFinished :maplibre_harmony:default@ProcessLibs... after 2 s 624 ms [39m
> hvigor [32mFinished :maplibre_harmony:default@ProcessProfile... after 80 ms [39m
> hvigor [32mFinished :maplibre_harmony:default@ProcessRouterMap... after 1 ms [39m
> hvigor [32mFinished :maplibre_harmony:default@ProcessShareConfig... after 1 ms [39m
> hvigor [32mFinished :maplibre_harmony:default@ProcessStartupConfig... after 1 ms [39m
> hvigor [32mFinished :maplibre_harmony:default@DoNativeStrip... after 110 ms [39m
> hvigor [32mFinished :maplibre_harmony:default@ProcessResource... after 2 ms [39m
> hvigor [32mFinished :maplibre_harmony:default@GenerateLoaderJson... after 3 ms [39m
> hvigor [32mFinished :maplibre_harmony:default@CacheNativeLibs... after 2 ms [39m
> hvigor [32mFinished :maplibre_harmony:default@CompileResource... after 136 ms [39m
> hvigor [32mFinished :maplibre_harmony:default@CompileArkTS... after 1 s 938 ms [39m
> hvigor [32mFinished :maplibre_harmony:default@BuildJS... after 1 ms [39m
> hvigor [32mFinished :maplibre_harmony:default@GeneratePkgModuleJson... after 1 ms [39m
> hvigor [32mFinished :maplibre_harmony:default@ProcessCompiledResources... after 1 ms [39m
> hvigor [32mFinished :maplibre_harmony:default@PackageHap... after 84 ms [39m
> hvigor [32mFinished :maplibre_harmony:default@PackingCheck... after 2 ms [39m
> hvigor [32mFinished :maplibre_harmony:default@SignHap... after 1 s 169 ms [39m
> hvigor [32mFinished :maplibre_harmony:default@CollectDebugSymbol... after 1 ms [39m
> hvigor [32mFinished :maplibre_harmony:assembleHap... after 1 ms [39m
> hvigor [32mBUILD SUCCESSFUL in 9 s 658 ms [39m
