> hvigor [32mUP-TO-DATE :maplibre_harmony:default@PreBuild...  [39m
> hvigor [32mFinished :maplibre_harmony:default@CreateModuleInfo... after 1 ms [39m
> hvigor [32mUP-TO-DATE :maplibre_harmony:default@GenerateMetadata...  [39m
> hvigor [32mFinished :maplibre_harmony:default@ConfigureCmake... after 8 ms [39m
> hvigor [32mUP-TO-DATE :maplibre_harmony:default@MergeProfile...  [39m
> hvigor [32mUP-TO-DATE :maplibre_harmony:default@CreateBuildProfile...  [39m
> hvigor [32mFinished :maplibre_harmony:default@PreCheckSyscap... after 1 ms [39m
> hvigor [32mFinished :maplibre_harmony:default@ProcessIntegratedHsp... after 1 ms [39m
> hvigor [32mUP-TO-DATE :maplibre_harmony:default@MakePackInfo...  [39m
> hvigor [32mFinished :maplibre_harmony:default@SyscapTransform... after 8 ms [39m
> hvigor [33mWARN: CMake Warning at /Users/yidafu/github/maplibre-native/vendor/freetype/builds/cmake/FindHarfBuzz.cmake:99 (message):
  Required version (2.0.0) is higher than found version ()
Call Stack (most recent call first):
  /Users/yidafu/github/maplibre-native/vendor/freetype/CMakeLists.txt:258 (find_package)


[39m
> hvigor [33mWARN: WARNHarfBuzz has a Meson port and tries to migrate all the other build systems to it, please consider using it as we might remove our cmake port soon.
[39m
> hvigor [33mWARN: CMake Error at /Users/yidafu/github/maplibre-native/platform/harmony/harmony.cmake:10 (message):
  Cannot enable both Vulkan and OpenGL backends.  Please set only one to ON.
Call Stack (most recent call first):
  /Users/yidafu/github/maplibre-native/CMakeLists.txt:1589 (include)


[39m
> hvigor [91mERROR: Failed :maplibre_harmony:default@BuildNativeWithCmake... [39m
> hvigor [91mERROR: Exceptions happened while executing /Applications/DevEco-Studio.app/Contents/sdk/default/openharmony/native/build-tools/cmake/bin/cmake -DCMAKE_CXX_STANDARD=20 -DCMAKE_POLICY_DEFAULT_CMP0148=NEW -DMLN_WITH_VULKAN=ON -DMLN_WITH_OPENGL=OFF -DMLN_WITH_EGL=OFF -H/Users/yidafu/github/maplibre-native/platform/harmony/maplibre_harmony/src/main/cpp -B/Users/yidafu/github/maplibre-native/platform/harmony/maplibre_harmony/.cxx/default/default/debug/arm64-v8a -DOHOS_ARCH=arm64-v8a -DCMAKE_LIBRARY_OUTPUT_DIRECTORY=/Users/yidafu/github/maplibre-native/platform/harmony/maplibre_harmony/build/default/intermediates/cmake/default/obj/arm64-v8a -DCMAKE_BUILD_TYPE=Debug -DOHOS_SDK_NATIVE=/Applications/DevEco-Studio.app/Contents/sdk/default/openharmony/native -DCMAKE_SYSTEM_NAME=OHOS -DCMAKE_OHOS_ARCH_ABI=arm64-v8a -DCMAKE_EXPORT_COMPILE_COMMANDS=ON -DCMAKE_TOOLCHAIN_FILE=/Applications/DevEco-Studio.app/Contents/sdk/default/hms/native/build/cmake/hmos.toolchain.cmake -GNinja -DCMAKE_MAKE_PROGRAM=/Applications/DevEco-Studio.app/Contents/sdk/default/openharmony/native/build-tools/cmake/bin/ninja -DCMAKE_FIND_ROOT_PATH=/Users/yidafu/github/maplibre-native/platform/harmony/maplibre_harmony/.cxx/default/default/debug/hvigor/arm64-v8a -DPACKAGE_FIND_FILE=/Users/yidafu/github/maplibre-native/platform/harmony/maplibre_harmony/.cxx/default/default/debug/hvigor/arm64-v8a/summary.cmake --no-warn-unused-cli -DCMAKE_CXX_FLAGS=-std=c++20 -fexceptions -frtti -DHMOS_SDK_NATIVE=/Applications/DevEco-Studio.app/Contents/sdk/default/hms/native.
Not searching for unused variables given on the command line.
-- The C compiler identification is Clang 15.0.4
-- The CXX compiler identification is Clang 15.0.4
-- Detecting C compiler ABI info
-- Detecting C compiler ABI info - done
-- Check for working C compiler: /Applications/DevEco-Studio.app/Contents/sdk/default/openharmony/native/llvm/bin/clang - skipped
-- Detecting C compile features
-- Detecting C compile features - done
-- Detecting CXX compiler ABI info
-- Detecting CXX compiler ABI info - done
-- Check for working CXX compiler: /Applications/DevEco-Studio.app/Contents/sdk/default/openharmony/native/llvm/bin/clang++ - skipped
-- Detecting CXX compile features
-- Detecting CXX compile features - done
-- Configuring Vulkan renderer backend
-- Configuring with HarfBuzz text shaping
-- Found PkgConfig: /opt/homebrew/bin/pkg-config (found version "2.5.1") 
CMake Warning at /Users/yidafu/github/maplibre-native/vendor/freetype/builds/cmake/FindHarfBuzz.cmake:99 (message):
  Required version (2.0.0) is higher than found version ()
Call Stack (most recent call first):
  /Users/yidafu/github/maplibre-native/vendor/freetype/CMakeLists.txt:258 (find_package)


-- Found ZLIB: /Applications/DevEco-Studio.app/Contents/sdk/default/hms/native/sysroot/usr/lib/aarch64-linux-ohos/libz.a (found version "1.3.1")  
-- Could NOT find PNG (missing: PNG_LIBRARY PNG_PNG_INCLUDE_DIR) 
-- Could NOT find BZip2 (missing: BZIP2_LIBRARIES BZIP2_INCLUDE_DIR) 
-- Checking for module 'bzip2'
--   Found bzip2, version 1.0.8
-- Looking for unistd.h
-- Looking for unistd.h - found
-- Looking for fcntl.h
-- Looking for fcntl.h - found
WARNHarfBuzz has a Meson port and tries to migrate all the other build systems to it, please consider using it as we might remove our cmake port soon.
-- Found Python: /usr/local/Frameworks/Python.framework/Versions/3.13/bin/python3.13 (found version "3.13.3") found components: Interpreter 
-- Looking for atexit
-- Looking for atexit - found
-- Looking for mprotect
-- Looking for mprotect - found
-- Looking for sysconf
-- Looking for sysconf - found
-- Looking for getpagesize
-- Looking for getpagesize - found
-- Looking for mmap
-- Looking for mmap - found
-- Looking for isatty
-- Looking for isatty - found
-- Looking for sys/mman.h
-- Looking for sys/mman.h - found
-- Looking for stdbool.h
-- Looking for stdbool.h - found
-- Performing Test CMAKE_HAVE_LIBC_PTHREAD
-- Performing Test CMAKE_HAVE_LIBC_PTHREAD - Failed
-- Check if compiler accepts -pthread
-- Check if compiler accepts -pthread - yes
-- Found Threads: TRUE  
-- Performing Test CXX_SUPPORTS_FLAG_BSYMB_FUNCS
-- Performing Test CXX_SUPPORTS_FLAG_BSYMB_FUNCS - Success
-- Performing Test COMPILER_SUPPORTS_CXX11
-- Performing Test COMPILER_SUPPORTS_CXX11 - Success
CMake Error at /Users/yidafu/github/maplibre-native/platform/harmony/harmony.cmake:10 (message):
  Cannot enable both Vulkan and OpenGL backends.  Please set only one to ON.
Call Stack (most recent call first):
  /Users/yidafu/github/maplibre-native/CMakeLists.txt:1589 (include)


-- Configuring incomplete, errors occurred!
undefined

[31m* Try:
> Run with --stacktrace option to get the stack trace.
> Run with --debug option to get more log output.
[39m
> hvigor [91mERROR: BUILD FAILED in 4 s 996 ms [39m
