> hvigor [32mUP-TO-DATE :maplibre_harmony:default@PreBuild...  [39m
> hvigor [32mFinished :maplibre_harmony:default@CreateModuleInfo... after 1 ms [39m
> hvigor [32mFinished :maplibre_harmony:default@GenerateMetadata... after 2 ms [39m
> hvigor [32mFinished :maplibre_harmony:default@ConfigureCmake... after 7 ms [39m
> hvigor [32mFinished :maplibre_harmony:default@MergeProfile... after 2 ms [39m
> hvigor [32mFinished :maplibre_harmony:default@CreateBuildProfile... after 1 ms [39m
> hvigor [32mFinished :maplibre_harmony:default@PreCheckSyscap... after 1 ms [39m
> hvigor [32mFinished :maplibre_harmony:default@ProcessIntegratedHsp... after 1 ms [39m
> hvigor [33mWARN: CMake Warning at /Users/yidafu/github/maplibre-native/vendor/freetype/builds/cmake/FindHarfBuzz.cmake:99 (message):
  Required version (2.0.0) is higher than found version ()
Call Stack (most recent call first):
  /Users/yidafu/github/maplibre-native/vendor/freetype/CMakeLists.txt:258 (find_package)


[39m
> hvigor [33mWARN: WARNHarfBuzz has a Meson port and tries to migrate all the other build systems to it, please consider using it as we might remove our cmake port soon.
[39m
> hvigor [32mFinished :maplibre_harmony:default@BuildNativeWithCmake... after 3 s 791 ms [39m
> hvigor [32mFinished :maplibre_harmony:default@MakePackInfo... after 2 ms [39m
> hvigor [32mFinished :maplibre_harmony:default@SyscapTransform... after 7 ms [39m
/Applications/DevEco-Studio.app/Contents/tools/hvigor/hvigor/src/base/log/hvigor-log.js:1
"use strict";var __createBinding=this&&this.__createBinding||(Object.create?function(e,r,t,o){void 0===o&&(o=t);var i=Object.getOwnPropertyDescriptor(r,t);i&&!("get"in i?!r.__esModule:i.writable||i.configurable)||(i={enumerable:!0,get:function(){return r[t]}}),Object.defineProperty(e,o,i)}:function(e,r,t,o){void 0===o&&(o=t),e[o]=r[t]}),__setModuleDefault=this&&this.__setModuleDefault||(Object.create?function(e,r){Object.defineProperty(e,"default",{enumerable:!0,value:r})}:function(e,r){e.default=r}),__importStar=this&&this.__importStar||function(e){if(e&&e.__esModule)return e;var r={};if(null!=e)for(var t in e)"default"!==t&&Object.prototype.hasOwnProperty.call(e,t)&&__createBinding(r,e,t);return __setModuleDefault(r,e),r};Object.defineProperty(exports,"__esModule",{value:!0}),exports.configure=exports.evaluateLogLevel=exports.HvigorLogger=void 0;const util=__importStar(require("util")),hvigor_logger_1=require("@ohos/hvigor-logger"),log4js=__importStar(require("log4js")),hvigor_trace_js_1=require("../common/trace/hvigor-trace.js"),log_event_js_1=require("../metrics/event/log-event.js"),metric_factory_js_1=require("../metrics/metric-factory.js"),fileLogger_js_1=require("./adaptor/fileLogger.js"),default_configuration_js_1=require("./default-configuration.js");class HvigorLogger{constructor(e){log4js.configure((0,default_configuration_js_1.updateConfiguration)()),this._logger=log4js.getLogger(e),this._logger.level=(0,default_configuration_js_1.getLevel)(),this._filelogger=log4js.getLogger("debug-file"),this.anonymizeFileLogger=new fileLogger_js_1.FileLogger(log4js.getLogger("debug-file"))}static getInstance(e,r){const t=`${e.name}:${r}`;return this.instanceMap.has(t)||this.instanceMap.set(t,new e(r)),this.instanceMap.get(t)}static getLogger(e){return this.getInstance(HvigorLogger,e)}static getLoggerWithDurationId(e,r){const t={...this.getInstance(HvigorLogger,e)},o=Object.setPrototypeOf(t,HvigorLogger.prototype);return o.durationId=r,o}static clean(){HvigorLogger.instanceMap.clear()}log(e,...r){this.createLogEventByDurationId(e,log_event_js_1.MetricLogType.INFO,...r),this._logger.log(e,...r),this._filelogger.log(e,...r)}debug(e,...r){this.createLogEventByDurationId(e,log_event_js_1.MetricLogType.DEBUG,...r),this._logger.debug(e,...r),this._filelogger.debug(e,...r)}info(e,...r){this.createLogEventByDurationId(e,log_event_js_1.MetricLogType.INFO,...r),this._logger.info(e,...r),this._filelogger.info(e,...r)}warn(e,...r){void 0!==e&&""!==e&&(this.createLogEventByDurationId(e,log_event_js_1.MetricLogType.WARN,...r),this._logger.warn(e,...r),this._filelogger.warn(e,...r))}error(e,...r){this.createLogEventByDurationId(e,log_event_js_1.MetricLogType.ERROR,...r),this._logger.error(e,...r),this._filelogger.error(e,...r)}anonymizeDebug(e,...r){this._logger.debug(e,...r);const[t,...o]=this.anonymizeFileLogger.debug(e,...r);this.createLogEventByDurationId(t,log_event_js_1.MetricLogType.DEBUG,...o)}_printTaskExecuteInfo(e,r){this._logger.info(`Finished :${e}... after ${r}`),this._filelogger.info(`Finished :${e}... after ${r}`)}_printFailedTaskInfo(e){this._logger.error(`Failed :${e}... `),this._filelogger.error(`Failed :${e}... `)}_printDisabledTaskInfo(e){this._logger.info(`Disabled :${e}... `),this._filelogger.info(`Disabled :${e}... `)}_printUpToDateTaskInfo(e){this._logger.info(`UP-TO-DATE :${e}...  `),this._filelogger.info(`UP-TO-DATE :${e}...  `)}_printStackErrorToFile(e,...r){this._filelogger.error(e,...r)}errorMessageExit(e,...r){throw new Error(util.format(e,...r))}errorExit(e,r,...t){if(r&&(metric_factory_js_1.MetricFactory.createLogEvent(this.getMessage(r,...t),log_event_js_1.MetricLogType.ERROR),this._logger.error(r,t),this._filelogger.error(r,t)),this._logger.error(e.stack),this._filelogger.error(e.stack),e.stack)throw metric_factory_js_1.MetricFactory.createLogEvent(e.stack,log_event_js_1.MetricLogType.ERROR),e}getLevel(){return this._logger.level}setLevel(e){this._logger.level=e}createLogEventByDurationId(e,r,...t){if("string"==typeof e){const o=metric_factory_js_1.MetricFactory.createLogEvent(this.getMessage(e,...t),r);this.durationId&&o.setDurationId(this.durationId)}return e}getMessage(e,...r){return r.length>0?util.format(e,...r):e}getAdaptor(e){return new hvigor_logger_1.HvigorErrorAdaptor(e)}combinePhase(e){return hvigor_trace_js_1.hvigorTrace.traceErrorMessage(e),e.solutions?hvigor_logger_1.ErrorUtil.combinePhase({code:e.code,cause:e.message,position:"",solutions:e.solutions,moreInfo:e.moreInfo}):e.message}formatErrorAdaptor(e,r,t){let o=this.getAdaptor(e);return r&&(o=o.formatMessage(...r)),t&&t.forEach((e,r)=>{o=o.formatSolutions(r,...e)}),o}printErrorWithAdaptorErrorMessage(e,r=""){const t=this.combinePhase(e[0]);this._logger.error(t+r);for(let r=1;r<e.length;++r)this.combinePhase(e[r])}printError(e,r,t){const o=this.formatErrorAdaptor(e,r,t);this.printErrorWithAdaptorErrorMessage(o.getErrorMessage())}printErrorExit(e,r,t,o){const i=this.formatErrorAdaptor(e,r,t),g=this.combinePhase(hvigor_logger_1.ErrorUtil.getFirstErrorAdaptorMessage(i.getErrorMessage()));throw new hvigor_logger_1.AdaptorError(g,o)}printErrorExitWithoutStack(e,r,t){this.printError(e,r,t),process.exit(-1)}}function evaluateLogLevel(e,r){(0,default_configuration_js_1.setCategoriesLevel)(e,r),log4js.shutdown(),log4js.configure((0,default_configuration_js_1.updateConfiguration)())}function configure(e){const r=(0,default_configuration_js_1.getConfiguration)(),t={appenders:{...r.appenders,...e.appenders},categories:{...r.categories,...e.categories}};(0,default_configuration_js_1.setConfiguration)(t),log4js.shutdown(),log4js.configure(t)}exports.HvigorLogger=HvigorLogger,HvigorLogger.instanceMap=new Map,exports.evaluateLogLevel=evaluateLogLevel,exports.configure=configure;
                                                                                                                                                                                                                                                                                                                                                                                                                                                                                                                                                                                                                                                                                                                                                                                                                                                                                                                                                                                                                                                            

Error: Exceptions happened while executing /Applications/DevEco-Studio.app/Contents/sdk/default/openharmony/native/build-tools/cmake/bin/ninja -C /Users/yidafu/github/maplibre-native/platform/harmony/maplibre_harmony/.cxx/default/default/debug/arm64-v8a.
[32mninja: Entering directory `/Users/yidafu/github/maplibre-native/platform/harmony/maplibre_harmony/.cxx/default/default/debug/arm64-v8a'[32m[39m
[32m[1/608] Building CXX object CMakeFiles/maplibre_native.dir/napi_utils.cpp.o[32m[39m
[33mclang++: warning: argument unused during compilation: '--gcc-toolchain=/Applications/DevEco-Studio.app/Contents/sdk/default/openharmony/native/llvm' [-Wunused-command-line-argument][33m[39m
[32m[2/608] Building CXX object CMakeFiles/maplibre_native.dir/Render.cpp.o[32m[39m
[33mclang++: warning: argument unused during compilation: '--gcc-toolchain=/Applications/DevEco-Studio.app/Contents/sdk/default/openharmony/native/llvm' [-Wunused-command-line-argument][33m[39m
[32m[3/608] Building CXX object CMakeFiles/maplibre_native.dir/EGLCore.cpp.o[32m[39m
[33mclang++: warning: argument unused during compilation: '--gcc-toolchain=/Applications/DevEco-Studio.app/Contents/sdk/default/openharmony/native/llvm' [-Wunused-command-line-argument][33m[39m
[32m[4/608] Building CXX object CMakeFiles/maplibre_native.dir/harmony_renderer_backend.cpp.o[32m[39m
[33mclang++: warning: argument unused during compilation: '--gcc-toolchain=/Applications/DevEco-Studio.app/Contents/sdk/default/openharmony/native/llvm' [-Wunused-command-line-argument][33m[39m
[32m[5/608] Building CXX object CMakeFiles/maplibre_native.dir/logger.cpp.o[32m[39m
[33mclang++: warning: argument unused during compilation: '--gcc-toolchain=/Applications/DevEco-Studio.app/Contents/sdk/default/openharmony/native/llvm' [-Wunused-command-line-argument][33m[39m
[32m[6/608] Building CXX object CMakeFiles/maplibre_native.dir/PluginManager.cpp.o[32m[39m
[33mclang++: warning: argument unused during compilation: '--gcc-toolchain=/Applications/DevEco-Studio.app/Contents/sdk/default/openharmony/native/llvm' [-Wunused-command-line-argument][33m[39m
[33m/Users/yidafu/github/maplibre-native/platform/harmony/maplibre_harmony/src/main/cpp/PluginManager.cpp:57:13: warning: deleting pointer to incomplete type 'NativeWindow' may cause undefined behavior [-Wdelete-incomplete][33m[39m
[33m            delete iter->second;[33m[39m
[33m            ^      ~~~~~~~~~~~~[33m[39m
[33m/Applications/DevEco-Studio.app/Contents/sdk/default/openharmony/native/sysroot/usr/include/ace/xcomponent/native_interface_xcomponent.h:1159:16: note: forward declaration of 'NativeWindow'[33m[39m
[33mtypedef struct NativeWindow OHNativeWindow;[33m[39m
[33m               ^[33m[39m
[33m1 warning generated.[33m[39m
[32m[7/608] Building CXX object CMakeFiles/maplibre_native_loop.dir/Users/yidafu/github/maplibre-native/platform/default/src/mbgl/util/async_task.cpp.o[32m[39m
[33mclang++: warning: argument unused during compilation: '--gcc-toolchain=/Applications/DevEco-Studio.app/Contents/sdk/default/openharmony/native/llvm' [-Wunused-command-line-argument][33m[39m
[32m[8/608] Building CXX object CMakeFiles/maplibre_native_loop.dir/Users/yidafu/github/maplibre-native/platform/default/src/mbgl/util/timer.cpp.o[32m[39m
[33mclang++: warning: argument unused during compilation: '--gcc-toolchain=/Applications/DevEco-Studio.app/Contents/sdk/default/openharmony/native/llvm' [-Wunused-command-line-argument][33m[39m
[32m[9/608] Building CXX object CMakeFiles/maplibre_native.dir/curl_event_loop.cpp.o[32m[39m
[33mclang++: warning: argument unused during compilation: '--gcc-toolchain=/Applications/DevEco-Studio.app/Contents/sdk/default/openharmony/native/llvm' [-Wunused-command-line-argument][33m[39m
[32m[10/608] Building CXX object CMakeFiles/maplibre_native_loop.dir/Users/yidafu/github/maplibre-native/platform/default/src/mbgl/util/run_loop.cpp.o[32m[39m
[33mclang++: warning: argument unused during compilation: '--gcc-toolchain=/Applications/DevEco-Studio.app/Contents/sdk/default/openharmony/native/llvm' [-Wunused-command-line-argument][33m[39m
[32m[11/608] Linking CXX static library libmaplibre_native_loop.a[32m[39m
[32m[12/608] Building CXX object CMakeFiles/maplibre_native.dir/http_file_source_harmony.cpp.o[32m[39m
[33mclang++: warning: argument unused during compilation: '--gcc-toolchain=/Applications/DevEco-Studio.app/Contents/sdk/default/openharmony/native/llvm' [-Wunused-command-line-argument][33m[39m
[32m[13/608] Building CXX object CMakeFiles/maplibre_native.dir/napi_init.cpp.o[32m[39m
[33mclang++: warning: argument unused during compilation: '--gcc-toolchain=/Applications/DevEco-Studio.app/Contents/sdk/default/openharmony/native/llvm' [-Wunused-command-line-argument][33m[39m
[32m[14/608] Building CXX object CMakeFiles/maplibre_native.dir/harmony_gl_renderer_backend.cpp.o[32m[39m
[33mclang++: warning: argument unused during compilation: '--gcc-toolchain=/Applications/DevEco-Studio.app/Contents/sdk/default/openharmony/native/llvm' [-Wunused-command-line-argument][33m[39m
[33m/Users/yidafu/github/maplibre-native/platform/harmony/maplibre_harmony/src/main/cpp/harmony_gl_renderer_backend.cpp:92:74: warning: format specifies type 'unsigned long' but the argument has type 'EGLNativeWindowType' (aka 'NativeWindow *') [-Wformat][33m[39m
[33m    Logger::debug("HarmonyGLRendererBackend", "Current eglWindow_: %lu", eglWindow_);[33m[39m
[33m                                                                   ~~~   ^~~~~~~~~~[33m[39m
[33m/Users/yidafu/github/maplibre-native/platform/harmony/maplibre_harmony/src/main/cpp/harmony_gl_renderer_backend.cpp:104:72: warning: format specifies type 'unsigned long' but the argument has type 'EGLNativeWindowType' (aka 'NativeWindow *') [-Wformat][33m[39m
[33m    Logger::info("HarmonyGLRendererBackend", "Native window set: %lu", eglWindow_);[33m[39m
[33m                                                                 ~~~   ^~~~~~~~~~[33m[39m
[33m/Users/yidafu/github/maplibre-native/platform/harmony/maplibre_harmony/src/main/cpp/harmony_gl_renderer_backend.cpp:124:66: warning: format specifies type 'unsigned long' but the argument has type 'EGLNativeWindowType' (aka 'NativeWindow *') [-Wformat][33m[39m
[33m    Logger::debug("HarmonyGLRendererBackend", "eglWindow_: %lu", eglWindow_);[33m[39m
[33m                                                           ~~~   ^~~~~~~~~~[33m[39m
[33m/Users/yidafu/github/maplibre-native/platform/harmony/maplibre_harmony/src/main/cpp/harmony_gl_renderer_backend.cpp:186:100: warning: format specifies type 'unsigned long' but the argument has type 'EGLNativeWindowType' (aka 'NativeWindow *') [-Wformat][33m[39m
[33m    Logger::debug("HarmonyGLRendererBackend", "Step 5/5: Creating window surface (window=%lu)...", eglWindow_);[33m[39m
[33m                                                                                         ~~~       ^~~~~~~~~~[33m[39m
[33m4 warnings generated.[33m[39m
[32m[15/608] Building CXX object CMakeFiles/maplibre_native.dir/harmony_renderer.cpp.o[32m[39m
[33mclang++: warning: argument unused during compilation: '--gcc-toolchain=/Applications/DevEco-Studio.app/Contents/sdk/default/openharmony/native/llvm' [-Wunused-command-line-argument][33m[39m
[32m[16/608] Building CXX object CMakeFiles/maplibre_native.dir/harmony_renderer_frontend.cpp.o[32m[39m
[33mclang++: warning: argument unused during compilation: '--gcc-toolchain=/Applications/DevEco-Studio.app/Contents/sdk/default/openharmony/native/llvm' [-Wunused-command-line-argument][33m[39m
[32m[17/608] Building CXX object CMakeFiles/maplibre_native.dir/native_map_view_harmony.cpp.o[32m[39m
[33mclang++: warning: argument unused during compilation: '--gcc-toolchain=/Applications/DevEco-Studio.app/Contents/sdk/default/openharmony/native/llvm' [-Wunused-command-line-argument][33m[39m
[32m[18/608] Building CXX object maplibre/CMakeFiles/mbgl-core.dir/src/mbgl/gfx/dynamic_texture.cpp.o[32m[39m
[33mclang++: warning: argument unused during compilation: '--gcc-toolchain=/Applications/DevEco-Studio.app/Contents/sdk/default/openharmony/native/llvm' [-Wunused-command-line-argument][33m[39m
[32m[19/608] Building CXX object maplibre/CMakeFiles/mbgl-core.dir/src/mbgl/gfx/drawable.cpp.o[32m[39m
[33mclang++: warning: argument unused during compilation: '--gcc-toolchain=/Applications/DevEco-Studio.app/Contents/sdk/default/openharmony/native/llvm' [-Wunused-command-line-argument][33m[39m
[32m[20/608] Building CXX object maplibre/CMakeFiles/mbgl-core.dir/src/mbgl/gfx/uniform_buffer.cpp.o[32m[39m
[33mclang++: warning: argument unused during compilation: '--gcc-toolchain=/Applications/DevEco-Studio.app/Contents/sdk/default/openharmony/native/llvm' [-Wunused-command-line-argument][33m[39m
[32m[21/608] Building CXX object maplibre/CMakeFiles/mbgl-core.dir/src/mbgl/gfx/drawable_custom_layer_host_tweaker.cpp.o[32m[39m
[33mclang++: warning: argument unused during compilation: '--gcc-toolchain=/Applications/DevEco-Studio.app/Contents/sdk/default/openharmony/native/llvm' [-Wunused-command-line-argument][33m[39m
[32m[22/608] Building CXX object maplibre/CMakeFiles/mbgl-core.dir/src/mbgl/gfx/dynamic_texture_atlas.cpp.o[32m[39m
[33mclang++: warning: argument unused during compilation: '--gcc-toolchain=/Applications/DevEco-Studio.app/Contents/sdk/default/openharmony/native/llvm' [-Wunused-command-line-argument][33m[39m
[32m[23/608] Building CXX object CMakeFiles/maplibre_native.dir/harmony_vulkan_renderer_backend.cpp.o[32m[39m
[33mclang++: warning: argument unused during compilation: '--gcc-toolchain=/Applications/DevEco-Studio.app/Contents/sdk/default/openharmony/native/llvm' [-Wunused-command-line-argument][33m[39m
[32m[24/608] Building CXX object maplibre/CMakeFiles/mbgl-core.dir/src/mbgl/renderer/tile_layer_group.cpp.o[32m[39m
[33mclang++: warning: argument unused during compilation: '--gcc-toolchain=/Applications/DevEco-Studio.app/Contents/sdk/default/openharmony/native/llvm' [-Wunused-command-line-argument][33m[39m
[32m[25/608] Building CXX object maplibre/CMakeFiles/mbgl-core.dir/src/mbgl/gfx/drawable_builder.cpp.o[32m[39m
[33mclang++: warning: argument unused during compilation: '--gcc-toolchain=/Applications/DevEco-Studio.app/Contents/sdk/default/openharmony/native/llvm' [-Wunused-command-line-argument][33m[39m
[32m[26/608] Building CXX object maplibre/CMakeFiles/mbgl-core.dir/src/mbgl/gfx/drawable_builder_impl.cpp.o[32m[39m
[33mclang++: warning: argument unused during compilation: '--gcc-toolchain=/Applications/DevEco-Studio.app/Contents/sdk/default/openharmony/native/llvm' [-Wunused-command-line-argument][33m[39m
[32m[27/608] Building CXX object maplibre/CMakeFiles/mbgl-core.dir/src/mbgl/gfx/drawable_atlases_tweaker.cpp.o[32m[39m
[33mclang++: warning: argument unused during compilation: '--gcc-toolchain=/Applications/DevEco-Studio.app/Contents/sdk/default/openharmony/native/llvm' [-Wunused-command-line-argument][33m[39m
[32m[28/608] Building CXX object maplibre/CMakeFiles/mbgl-core.dir/src/mbgl/renderer/render_target.cpp.o[32m[39m
[33mclang++: warning: argument unused during compilation: '--gcc-toolchain=/Applications/DevEco-Studio.app/Contents/sdk/default/openharmony/native/llvm' [-Wunused-command-line-argument][33m[39m
[32m[29/608] Building CXX object maplibre/CMakeFiles/mbgl-core.dir/src/mbgl/gfx/gpu_expression.cpp.o[32m[39m
[33mclang++: warning: argument unused during compilation: '--gcc-toolchain=/Applications/DevEco-Studio.app/Contents/sdk/default/openharmony/native/llvm' [-Wunused-command-line-argument][33m[39m
[32m[30/608] Building CXX object maplibre/CMakeFiles/mbgl-core.dir/src/mbgl/gfx/vertex_attribute.cpp.o[32m[39m
[33mclang++: warning: argument unused during compilation: '--gcc-toolchain=/Applications/DevEco-Studio.app/Contents/sdk/default/openharmony/native/llvm' [-Wunused-command-line-argument][33m[39m
[32m[31/608] Building CXX object maplibre/CMakeFiles/mbgl-core.dir/src/mbgl/renderer/layer_tweaker.cpp.o[32m[39m
[33mclang++: warning: argument unused during compilation: '--gcc-toolchain=/Applications/DevEco-Studio.app/Contents/sdk/default/openharmony/native/llvm' [-Wunused-command-line-argument][33m[39m
[32m[32/608] Building CXX object maplibre/CMakeFiles/mbgl-core.dir/src/mbgl/renderer/layers/circle_layer_tweaker.cpp.o[32m[39m
[33mclang++: warning: argument unused during compilation: '--gcc-toolchain=/Applications/DevEco-Studio.app/Contents/sdk/default/openharmony/native/llvm' [-Wunused-command-line-argument][33m[39m
[32m[33/608] Building CXX object maplibre/CMakeFiles/mbgl-core.dir/src/mbgl/renderer/change_request.cpp.o[32m[39m
[33mclang++: warning: argument unused during compilation: '--gcc-toolchain=/Applications/DevEco-Studio.app/Contents/sdk/default/openharmony/native/llvm' [-Wunused-command-line-argument][33m[39m
[32m[34/608] Building CXX object maplibre/CMakeFiles/mbgl-core.dir/src/mbgl/renderer/layers/hillshade_layer_tweaker.cpp.o[32m[39m
[33mclang++: warning: argument unused during compilation: '--gcc-toolchain=/Applications/DevEco-Studio.app/Contents/sdk/default/openharmony/native/llvm' [-Wunused-command-line-argument][33m[39m
[32m[35/608] Building CXX object maplibre/CMakeFiles/mbgl-core.dir/src/mbgl/renderer/layers/background_layer_tweaker.cpp.o[32m[39m
[33mclang++: warning: argument unused during compilation: '--gcc-toolchain=/Applications/DevEco-Studio.app/Contents/sdk/default/openharmony/native/llvm' [-Wunused-command-line-argument][33m[39m
[32m[36/608] Building CXX object maplibre/CMakeFiles/mbgl-core.dir/src/mbgl/renderer/layers/hillshade_prepare_layer_tweaker.cpp.o[32m[39m
[33mclang++: warning: argument unused during compilation: '--gcc-toolchain=/Applications/DevEco-Studio.app/Contents/sdk/default/openharmony/native/llvm' [-Wunused-command-line-argument][33m[39m
[32m[37/608] Building CXX object maplibre/CMakeFiles/mbgl-core.dir/src/mbgl/renderer/layer_group.cpp.o[32m[39m
[33mclang++: warning: argument unused during compilation: '--gcc-toolchain=/Applications/DevEco-Studio.app/Contents/sdk/default/openharmony/native/llvm' [-Wunused-command-line-argument][33m[39m
[32m[38/608] Building CXX object maplibre/CMakeFiles/mbgl-core.dir/src/mbgl/renderer/layers/fill_layer_tweaker.cpp.o[32m[39m
[33mclang++: warning: argument unused during compilation: '--gcc-toolchain=/Applications/DevEco-Studio.app/Contents/sdk/default/openharmony/native/llvm' [-Wunused-command-line-argument][33m[39m
[32m[39/608] Building CXX object maplibre/CMakeFiles/mbgl-core.dir/src/mbgl/renderer/layers/fill_extrusion_layer_tweaker.cpp.o[32m[39m
[33mclang++: warning: argument unused during compilation: '--gcc-toolchain=/Applications/DevEco-Studio.app/Contents/sdk/default/openharmony/native/llvm' [-Wunused-command-line-argument][33m[39m
[32m[40/608] Building CXX object maplibre/CMakeFiles/mbgl-core.dir/src/mbgl/renderer/layers/raster_layer_tweaker.cpp.o[32m[39m
[33mclang++: warning: argument unused during compilation: '--gcc-toolchain=/Applications/DevEco-Studio.app/Contents/sdk/default/openharmony/native/llvm' [-Wunused-command-line-argument][33m[39m
[32m[41/608] Building CXX object maplibre/CMakeFiles/mbgl-core.dir/src/mbgl/actor/mailbox.cpp.o[32m[39m
[33mclang++: warning: argument unused during compilation: '--gcc-toolchain=/Applications/DevEco-Studio.app/Contents/sdk/default/openharmony/native/llvm' [-Wunused-command-line-argument][33m[39m
[32m[42/608] Building CXX object maplibre/CMakeFiles/mbgl-core.dir/src/mbgl/renderer/layers/heatmap_texture_layer_tweaker.cpp.o[32m[39m
[33mclang++: warning: argument unused during compilation: '--gcc-toolchain=/Applications/DevEco-Studio.app/Contents/sdk/default/openharmony/native/llvm' [-Wunused-command-line-argument][33m[39m
[32m[43/608] Building CXX object maplibre/CMakeFiles/mbgl-core.dir/src/mbgl/renderer/layers/location_indicator_layer_tweaker.cpp.o[32m[39m
[33mclang++: warning: argument unused during compilation: '--gcc-toolchain=/Applications/DevEco-Studio.app/Contents/sdk/default/openharmony/native/llvm' [-Wunused-command-line-argument][33m[39m
[32m[44/608] Building CXX object maplibre/CMakeFiles/mbgl-core.dir/src/mbgl/renderer/layers/heatmap_layer_tweaker.cpp.o[32m[39m
[33mclang++: warning: argument unused during compilation: '--gcc-toolchain=/Applications/DevEco-Studio.app/Contents/sdk/default/openharmony/native/llvm' [-Wunused-command-line-argument][33m[39m
[32m[45/608] Building CXX object maplibre/CMakeFiles/mbgl-core.dir/src/mbgl/actor/scheduler.cpp.o[32m[39m
[33mclang++: warning: argument unused during compilation: '--gcc-toolchain=/Applications/DevEco-Studio.app/Contents/sdk/default/openharmony/native/llvm' [-Wunused-command-line-argument][33m[39m
[32m[46/608] Building CXX object maplibre/CMakeFiles/mbgl-core.dir/src/mbgl/geometry/dem_data.cpp.o[32m[39m
[33mclang++: warning: argument unused during compilation: '--gcc-toolchain=/Applications/DevEco-Studio.app/Contents/sdk/default/openharmony/native/llvm' [-Wunused-command-line-argument][33m[39m
[32m[47/608] Building CXX object maplibre/CMakeFiles/mbgl-core.dir/src/mbgl/renderer/layers/line_layer_tweaker.cpp.o[32m[39m
[33mclang++: warning: argument unused during compilation: '--gcc-toolchain=/Applications/DevEco-Studio.app/Contents/sdk/default/openharmony/native/llvm' [-Wunused-command-line-argument][33m[39m
[32m[48/608] Building CXX object maplibre/CMakeFiles/mbgl-core.dir/src/mbgl/gfx/attribute.cpp.o[32m[39m
[33mclang++: warning: argument unused during compilation: '--gcc-toolchain=/Applications/DevEco-Studio.app/Contents/sdk/default/openharmony/native/llvm' [-Wunused-command-line-argument][33m[39m
[32m[49/608] Building CXX object maplibre/CMakeFiles/mbgl-core.dir/src/mbgl/renderer/layers/symbol_layer_tweaker.cpp.o[32m[39m
[33mclang++: warning: argument unused during compilation: '--gcc-toolchain=/Applications/DevEco-Studio.app/Contents/sdk/default/openharmony/native/llvm' [-Wunused-command-line-argument][33m[39m
[32m[50/608] Building CXX object maplibre/CMakeFiles/mbgl-core.dir/src/mbgl/shaders/shader_program_base.cpp.o[32m[39m
[33mclang++: warning: argument unused during compilation: '--gcc-toolchain=/Applications/DevEco-Studio.app/Contents/sdk/default/openharmony/native/llvm' [-Wunused-command-line-argument][33m[39m
[32m[51/608] Building CXX object maplibre/CMakeFiles/mbgl-core.dir/src/mbgl/renderer/layers/collision_layer_tweaker.cpp.o[32m[39m
[33mclang++: warning: argument unused during compilation: '--gcc-toolchain=/Applications/DevEco-Studio.app/Contents/sdk/default/openharmony/native/llvm' [-Wunused-command-line-argument][33m[39m
[32m[52/608] Building CXX object maplibre/CMakeFiles/mbgl-core.dir/src/mbgl/geometry/line_atlas.cpp.o[32m[39m
[33mclang++: warning: argument unused during compilation: '--gcc-toolchain=/Applications/DevEco-Studio.app/Contents/sdk/default/openharmony/native/llvm' [-Wunused-command-line-argument][33m[39m
[32m[53/608] Building CXX object maplibre/CMakeFiles/mbgl-core.dir/src/mbgl/gfx/renderer_backend.cpp.o[32m[39m
[33mclang++: warning: argument unused during compilation: '--gcc-toolchain=/Applications/DevEco-Studio.app/Contents/sdk/default/openharmony/native/llvm' [-Wunused-command-line-argument][33m[39m
[32m[54/608] Building CXX object maplibre/CMakeFiles/mbgl-core.dir/src/mbgl/gfx/shader_group.cpp.o[32m[39m
[33mclang++: warning: argument unused during compilation: '--gcc-toolchain=/Applications/DevEco-Studio.app/Contents/sdk/default/openharmony/native/llvm' [-Wunused-command-line-argument][33m[39m
[32m[55/608] Building CXX object maplibre/CMakeFiles/mbgl-core.dir/src/mbgl/annotation/render_annotation_source.cpp.o[32m[39m
[33mclang++: warning: argument unused during compilation: '--gcc-toolchain=/Applications/DevEco-Studio.app/Contents/sdk/default/openharmony/native/llvm' [-Wunused-command-line-argument][33m[39m
[32m[56/608] Building CXX object maplibre/CMakeFiles/mbgl-core.dir/src/mbgl/gfx/shader_registry.cpp.o[32m[39m
[33mclang++: warning: argument unused during compilation: '--gcc-toolchain=/Applications/DevEco-Studio.app/Contents/sdk/default/openharmony/native/llvm' [-Wunused-command-line-argument][33m[39m
[32m[57/608] Building CXX object maplibre/CMakeFiles/mbgl-core.dir/src/mbgl/annotation/annotation_source.cpp.o[32m[39m
[33mclang++: warning: argument unused during compilation: '--gcc-toolchain=/Applications/DevEco-Studio.app/Contents/sdk/default/openharmony/native/llvm' [-Wunused-command-line-argument][33m[39m
[32m[58/608] Building CXX object maplibre/CMakeFiles/mbgl-core.dir/src/mbgl/geometry/feature_index.cpp.o[32m[39m
[33mclang++: warning: argument unused during compilation: '--gcc-toolchain=/Applications/DevEco-Studio.app/Contents/sdk/default/openharmony/native/llvm' [-Wunused-command-line-argument][33m[39m
[32m[59/608] Building CXX object maplibre/CMakeFiles/mbgl-core.dir/src/mbgl/gfx/polyline_generator.cpp.o[32m[39m
[33mclang++: warning: argument unused during compilation: '--gcc-toolchain=/Applications/DevEco-Studio.app/Contents/sdk/default/openharmony/native/llvm' [-Wunused-command-line-argument][33m[39m
[32m[60/608] Building CXX object maplibre/CMakeFiles/mbgl-core.dir/src/mbgl/gfx/rendering_stats.cpp.o[32m[39m
[33mclang++: warning: argument unused during compilation: '--gcc-toolchain=/Applications/DevEco-Studio.app/Contents/sdk/default/openharmony/native/llvm' [-Wunused-command-line-argument][33m[39m
[32m[61/608] Building CXX object maplibre/CMakeFiles/mbgl-core.dir/src/mbgl/gfx/fill_generator.cpp.o[32m[39m
[33mclang++: warning: argument unused during compilation: '--gcc-toolchain=/Applications/DevEco-Studio.app/Contents/sdk/default/openharmony/native/llvm' [-Wunused-command-line-argument][33m[39m
[32m[62/608] Building CXX object maplibre/CMakeFiles/mbgl-core.dir/src/mbgl/layermanager/background_layer_factory.cpp.o[32m[39m
[33mclang++: warning: argument unused during compilation: '--gcc-toolchain=/Applications/DevEco-Studio.app/Contents/sdk/default/openharmony/native/llvm' [-Wunused-command-line-argument][33m[39m
[32m[63/608] Building CXX object maplibre/CMakeFiles/mbgl-core.dir/src/mbgl/annotation/fill_annotation_impl.cpp.o[32m[39m
[33mclang++: warning: argument unused during compilation: '--gcc-toolchain=/Applications/DevEco-Studio.app/Contents/sdk/default/openharmony/native/llvm' [-Wunused-command-line-argument][33m[39m
[32m[64/608] Building CXX object maplibre/CMakeFiles/mbgl-core.dir/src/mbgl/annotation/line_annotation_impl.cpp.o[32m[39m
[33mclang++: warning: argument unused during compilation: '--gcc-toolchain=/Applications/DevEco-Studio.app/Contents/sdk/default/openharmony/native/llvm' [-Wunused-command-line-argument][33m[39m
[32m[65/608] Building CXX object maplibre/CMakeFiles/mbgl-core.dir/src/mbgl/annotation/symbol_annotation_impl.cpp.o[32m[39m
[33mclang++: warning: argument unused during compilation: '--gcc-toolchain=/Applications/DevEco-Studio.app/Contents/sdk/default/openharmony/native/llvm' [-Wunused-command-line-argument][33m[39m
[32m[66/608] Building CXX object maplibre/CMakeFiles/mbgl-core.dir/src/mbgl/annotation/annotation_tile.cpp.o[32m[39m
[33mclang++: warning: argument unused during compilation: '--gcc-toolchain=/Applications/DevEco-Studio.app/Contents/sdk/default/openharmony/native/llvm' [-Wunused-command-line-argument][33m[39m
[32m[67/608] Building CXX object maplibre/CMakeFiles/mbgl-core.dir/src/mbgl/layermanager/layer_factory.cpp.o[32m[39m
[33mclang++: warning: argument unused during compilation: '--gcc-toolchain=/Applications/DevEco-Studio.app/Contents/sdk/default/openharmony/native/llvm' [-Wunused-command-line-argument][33m[39m
[32m[68/608] Building CXX object maplibre/CMakeFiles/mbgl-core.dir/src/mbgl/layermanager/fill_extrusion_layer_factory.cpp.o[32m[39m
[33mclang++: warning: argument unused during compilation: '--gcc-toolchain=/Applications/DevEco-Studio.app/Contents/sdk/default/openharmony/native/llvm' [-Wunused-command-line-argument][33m[39m
[32m[69/608] Building CXX object maplibre/CMakeFiles/mbgl-core.dir/src/mbgl/layermanager/circle_layer_factory.cpp.o[32m[39m
[33mclang++: warning: argument unused during compilation: '--gcc-toolchain=/Applications/DevEco-Studio.app/Contents/sdk/default/openharmony/native/llvm' [-Wunused-command-line-argument][33m[39m
[32m[70/608] Building CXX object maplibre/CMakeFiles/mbgl-core.dir/src/mbgl/layermanager/hillshade_layer_factory.cpp.o[32m[39m
[33mclang++: warning: argument unused during compilation: '--gcc-toolchain=/Applications/DevEco-Studio.app/Contents/sdk/default/openharmony/native/llvm' [-Wunused-command-line-argument][33m[39m
[32m[71/608] Building CXX object maplibre/CMakeFiles/mbgl-core.dir/src/mbgl/layermanager/heatmap_layer_factory.cpp.o[32m[39m
[33mclang++: warning: argument unused during compilation: '--gcc-toolchain=/Applications/DevEco-Studio.app/Contents/sdk/default/openharmony/native/llvm' [-Wunused-command-line-argument][33m[39m
[32m[72/608] Building CXX object maplibre/CMakeFiles/mbgl-core.dir/src/mbgl/layermanager/layer_manager.cpp.o[32m[39m
[33mclang++: warning: argument unused during compilation: '--gcc-toolchain=/Applications/DevEco-Studio.app/Contents/sdk/default/openharmony/native/llvm' [-Wunused-command-line-argument][33m[39m
[32m[73/608] Building CXX object maplibre/CMakeFiles/mbgl-core.dir/src/mbgl/layermanager/fill_layer_factory.cpp.o[32m[39m
[33mclang++: warning: argument unused during compilation: '--gcc-toolchain=/Applications/DevEco-Studio.app/Contents/sdk/default/openharmony/native/llvm' [-Wunused-command-line-argument][33m[39m
[32m[74/608] Building CXX object maplibre/CMakeFiles/mbgl-core.dir/src/mbgl/annotation/shape_annotation_impl.cpp.o[32m[39m
[33mclang++: warning: argument unused during compilation: '--gcc-toolchain=/Applications/DevEco-Studio.app/Contents/sdk/default/openharmony/native/llvm' [-Wunused-command-line-argument][33m[39m
[32m[75/608] Building CXX object maplibre/CMakeFiles/mbgl-core.dir/src/mbgl/annotation/annotation_manager.cpp.o[32m[39m
[33mclang++: warning: argument unused during compilation: '--gcc-toolchain=/Applications/DevEco-Studio.app/Contents/sdk/default/openharmony/native/llvm' [-Wunused-command-line-argument][33m[39m
[32m[76/608] Building CXX object maplibre/CMakeFiles/mbgl-core.dir/src/mbgl/layermanager/raster_layer_factory.cpp.o[32m[39m
[33mclang++: warning: argument unused during compilation: '--gcc-toolchain=/Applications/DevEco-Studio.app/Contents/sdk/default/openharmony/native/llvm' [-Wunused-command-line-argument][33m[39m
[32m[77/608] Building CXX object maplibre/CMakeFiles/mbgl-core.dir/src/mbgl/layout/clip_lines.cpp.o[32m[39m
[33mclang++: warning: argument unused during compilation: '--gcc-toolchain=/Applications/DevEco-Studio.app/Contents/sdk/default/openharmony/native/llvm' [-Wunused-command-line-argument][33m[39m
[32m[78/608] Building CXX object maplibre/CMakeFiles/mbgl-core.dir/src/mbgl/layermanager/location_indicator_layer_factory.cpp.o[32m[39m
[33mclang++: warning: argument unused during compilation: '--gcc-toolchain=/Applications/DevEco-Studio.app/Contents/sdk/default/openharmony/native/llvm' [-Wunused-command-line-argument][33m[39m
[32m[79/608] Building CXX object maplibre/CMakeFiles/mbgl-core.dir/src/mbgl/layout/merge_lines.cpp.o[32m[39m
[33mclang++: warning: argument unused during compilation: '--gcc-toolchain=/Applications/DevEco-Studio.app/Contents/sdk/default/openharmony/native/llvm' [-Wunused-command-line-argument][33m[39m
[32m[80/608] Building CXX object maplibre/CMakeFiles/mbgl-core.dir/src/mbgl/map/map_options.cpp.o[32m[39m
[33mclang++: warning: argument unused during compilation: '--gcc-toolchain=/Applications/DevEco-Studio.app/Contents/sdk/default/openharmony/native/llvm' [-Wunused-command-line-argument][33m[39m
[32m[81/608] Building CXX object maplibre/CMakeFiles/mbgl-core.dir/src/mbgl/style/layers/location_indicator_layer_impl.cpp.o[32m[39m
[33mclang++: warning: argument unused during compilation: '--gcc-toolchain=/Applications/DevEco-Studio.app/Contents/sdk/default/openharmony/native/llvm' [-Wunused-command-line-argument][33m[39m
[32m[82/608] Building CXX object maplibre/CMakeFiles/mbgl-core.dir/src/mbgl/layermanager/symbol_layer_factory.cpp.o[32m[39m
[33mclang++: warning: argument unused during compilation: '--gcc-toolchain=/Applications/DevEco-Studio.app/Contents/sdk/default/openharmony/native/llvm' [-Wunused-command-line-argument][33m[39m
[32m[83/608] Building CXX object maplibre/CMakeFiles/mbgl-core.dir/src/mbgl/math/log2.cpp.o[32m[39m
[33mclang++: warning: argument unused during compilation: '--gcc-toolchain=/Applications/DevEco-Studio.app/Contents/sdk/default/openharmony/native/llvm' [-Wunused-command-line-argument][33m[39m
[32m[84/608] Building CXX object maplibre/CMakeFiles/mbgl-core.dir/src/mbgl/layermanager/line_layer_factory.cpp.o[32m[39m
[33mclang++: warning: argument unused during compilation: '--gcc-toolchain=/Applications/DevEco-Studio.app/Contents/sdk/default/openharmony/native/llvm' [-Wunused-command-line-argument][33m[39m
[32m[85/608] Building CXX object maplibre/CMakeFiles/mbgl-core.dir/src/mbgl/style/layers/location_indicator_layer_properties.cpp.o[32m[39m
[33mclang++: warning: argument unused during compilation: '--gcc-toolchain=/Applications/DevEco-Studio.app/Contents/sdk/default/openharmony/native/llvm' [-Wunused-command-line-argument][33m[39m
[32m[86/608] Building CXX object maplibre/CMakeFiles/mbgl-core.dir/src/mbgl/renderer/backend_scope.cpp.o[32m[39m
[33mclang++: warning: argument unused during compilation: '--gcc-toolchain=/Applications/DevEco-Studio.app/Contents/sdk/default/openharmony/native/llvm' [-Wunused-command-line-argument][33m[39m
[32m[87/608] Building CXX object maplibre/CMakeFiles/mbgl-core.dir/src/mbgl/renderer/bucket_parameters.cpp.o[32m[39m
[33mclang++: warning: argument unused during compilation: '--gcc-toolchain=/Applications/DevEco-Studio.app/Contents/sdk/default/openharmony/native/llvm' [-Wunused-command-line-argument][33m[39m
[32m[88/608] Building CXX object maplibre/CMakeFiles/mbgl-core.dir/src/mbgl/style/layers/location_indicator_layer.cpp.o[32m[39m
[33mclang++: warning: argument unused during compilation: '--gcc-toolchain=/Applications/DevEco-Studio.app/Contents/sdk/default/openharmony/native/llvm' [-Wunused-command-line-argument][33m[39m
[32m[89/608] Building CXX object maplibre/CMakeFiles/mbgl-core.dir/src/mbgl/platform/settings.cpp.o[32m[39m
[33mclang++: warning: argument unused during compilation: '--gcc-toolchain=/Applications/DevEco-Studio.app/Contents/sdk/default/openharmony/native/llvm' [-Wunused-command-line-argument][33m[39m
[32m[90/608] Building CXX object maplibre/CMakeFiles/mbgl-core.dir/src/mbgl/layout/symbol_instance.cpp.o[32m[39m
[33mclang++: warning: argument unused during compilation: '--gcc-toolchain=/Applications/DevEco-Studio.app/Contents/sdk/default/openharmony/native/llvm' [-Wunused-command-line-argument][33m[39m
[32m[91/608] Building CXX object maplibre/CMakeFiles/mbgl-core.dir/src/mbgl/map/transform_state.cpp.o[32m[39m
[33mclang++: warning: argument unused during compilation: '--gcc-toolchain=/Applications/DevEco-Studio.app/Contents/sdk/default/openharmony/native/llvm' [-Wunused-command-line-argument][33m[39m
[32m[92/608] Building CXX object maplibre/CMakeFiles/mbgl-core.dir/src/mbgl/map/transform.cpp.o[32m[39m
[33mclang++: warning: argument unused during compilation: '--gcc-toolchain=/Applications/DevEco-Studio.app/Contents/sdk/default/openharmony/native/llvm' [-Wunused-command-line-argument][33m[39m
[32m[93/608] Building CXX object maplibre/CMakeFiles/mbgl-core.dir/src/mbgl/renderer/layers/render_location_indicator_layer.cpp.o[32m[39m
[33mclang++: warning: argument unused during compilation: '--gcc-toolchain=/Applications/DevEco-Studio.app/Contents/sdk/default/openharmony/native/llvm' [-Wunused-command-line-argument][33m[39m
[32m[94/608] Building CXX object maplibre/CMakeFiles/mbgl-core.dir/src/mbgl/layout/symbol_projection.cpp.o[32m[39m
[33mclang++: warning: argument unused during compilation: '--gcc-toolchain=/Applications/DevEco-Studio.app/Contents/sdk/default/openharmony/native/llvm' [-Wunused-command-line-argument][33m[39m
[32m[95/608] Building CXX object maplibre/CMakeFiles/mbgl-core.dir/src/mbgl/renderer/buckets/debug_bucket.cpp.o[32m[39m
[33mclang++: warning: argument unused during compilation: '--gcc-toolchain=/Applications/DevEco-Studio.app/Contents/sdk/default/openharmony/native/llvm' [-Wunused-command-line-argument][33m[39m
[32m[96/608] Building CXX object maplibre/CMakeFiles/mbgl-core.dir/src/mbgl/renderer/buckets/circle_bucket.cpp.o[32m[39m
[33mclang++: warning: argument unused during compilation: '--gcc-toolchain=/Applications/DevEco-Studio.app/Contents/sdk/default/openharmony/native/llvm' [-Wunused-command-line-argument][33m[39m
[32m[97/608] Building CXX object maplibre/CMakeFiles/mbgl-core.dir/src/mbgl/renderer/cross_faded_property_evaluator.cpp.o[32m[39m
[33mclang++: warning: argument unused during compilation: '--gcc-toolchain=/Applications/DevEco-Studio.app/Contents/sdk/default/openharmony/native/llvm' [-Wunused-command-line-argument][33m[39m
[32m[98/608] Building CXX object maplibre/CMakeFiles/mbgl-core.dir/src/mbgl/renderer/buckets/hillshade_bucket.cpp.o[32m[39m
[33mclang++: warning: argument unused during compilation: '--gcc-toolchain=/Applications/DevEco-Studio.app/Contents/sdk/default/openharmony/native/llvm' [-Wunused-command-line-argument][33m[39m
[32m[99/608] Building CXX object maplibre/CMakeFiles/mbgl-core.dir/src/mbgl/renderer/buckets/heatmap_bucket.cpp.o[32m[39m
[33mclang++: warning: argument unused during compilation: '--gcc-toolchain=/Applications/DevEco-Studio.app/Contents/sdk/default/openharmony/native/llvm' [-Wunused-command-line-argument][33m[39m
[32m[100/608] Building CXX object maplibre/CMakeFiles/mbgl-core.dir/src/mbgl/map/map_projection.cpp.o[32m[39m
[33mclang++: warning: argument unused during compilation: '--gcc-toolchain=/Applications/DevEco-Studio.app/Contents/sdk/default/openharmony/native/llvm' [-Wunused-command-line-argument][33m[39m
[32m[101/608] Building CXX object maplibre/CMakeFiles/mbgl-core.dir/src/mbgl/map/map.cpp.o[32m[39m
[33mclang++: warning: argument unused during compilation: '--gcc-toolchain=/Applications/DevEco-Studio.app/Contents/sdk/default/openharmony/native/llvm' [-Wunused-command-line-argument][33m[39m
[32m[102/608] Building CXX object maplibre/CMakeFiles/mbgl-core.dir/src/mbgl/renderer/buckets/raster_bucket.cpp.o[32m[39m
[33mclang++: warning: argument unused during compilation: '--gcc-toolchain=/Applications/DevEco-Studio.app/Contents/sdk/default/openharmony/native/llvm' [-Wunused-command-line-argument][33m[39m
[32m[103/608] Building CXX object maplibre/CMakeFiles/mbgl-core.dir/src/mbgl/map/map_impl.cpp.o[32m[39m
[33mclang++: warning: argument unused during compilation: '--gcc-toolchain=/Applications/DevEco-Studio.app/Contents/sdk/default/openharmony/native/llvm' [-Wunused-command-line-argument][33m[39m
[32m[104/608] Building CXX object maplibre/CMakeFiles/mbgl-core.dir/src/mbgl/renderer/buckets/fill_bucket.cpp.o[32m[39m
[33mclang++: warning: argument unused during compilation: '--gcc-toolchain=/Applications/DevEco-Studio.app/Contents/sdk/default/openharmony/native/llvm' [-Wunused-command-line-argument][33m[39m
[32m[105/608] Building CXX object maplibre/CMakeFiles/mbgl-core.dir/src/mbgl/renderer/buckets/fill_extrusion_bucket.cpp.o[32m[39m
[33mclang++: warning: argument unused during compilation: '--gcc-toolchain=/Applications/DevEco-Studio.app/Contents/sdk/default/openharmony/native/llvm' [-Wunused-command-line-argument][33m[39m
[32m[106/608] Building CXX object maplibre/CMakeFiles/mbgl-core.dir/src/mbgl/renderer/group_by_layout.cpp.o[32m[39m
[33mclang++: warning: argument unused during compilation: '--gcc-toolchain=/Applications/DevEco-Studio.app/Contents/sdk/default/openharmony/native/llvm' [-Wunused-command-line-argument][33m[39m
[32m[107/608] Building CXX object maplibre/CMakeFiles/mbgl-core.dir/src/mbgl/renderer/image_manager.cpp.o[32m[39m
[33mclang++: warning: argument unused during compilation: '--gcc-toolchain=/Applications/DevEco-Studio.app/Contents/sdk/default/openharmony/native/llvm' [-Wunused-command-line-argument][33m[39m
[32m[108/608] Building CXX object maplibre/CMakeFiles/mbgl-core.dir/src/mbgl/renderer/buckets/line_bucket.cpp.o[32m[39m
[33mclang++: warning: argument unused during compilation: '--gcc-toolchain=/Applications/DevEco-Studio.app/Contents/sdk/default/openharmony/native/llvm' [-Wunused-command-line-argument][33m[39m
[32m[109/608] Building CXX object maplibre/CMakeFiles/mbgl-core.dir/src/mbgl/layout/symbol_layout.cpp.o[32m[39m
[33mclang++: warning: argument unused during compilation: '--gcc-toolchain=/Applications/DevEco-Studio.app/Contents/sdk/default/openharmony/native/llvm' [-Wunused-command-line-argument][33m[39m
[32m[110/608] Building CXX object maplibre/CMakeFiles/mbgl-core.dir/src/mbgl/renderer/buckets/symbol_bucket.cpp.o[32m[39m
[33mclang++: warning: argument unused during compilation: '--gcc-toolchain=/Applications/DevEco-Studio.app/Contents/sdk/default/openharmony/native/llvm' [-Wunused-command-line-argument][33m[39m
[32m[111/608] Building CXX object maplibre/CMakeFiles/mbgl-core.dir/src/mbgl/renderer/pattern_atlas.cpp.o[32m[39m
[33mclang++: warning: argument unused during compilation: '--gcc-toolchain=/Applications/DevEco-Studio.app/Contents/sdk/default/openharmony/native/llvm' [-Wunused-command-line-argument][33m[39m
[32m[112/608] Building CXX object maplibre/CMakeFiles/mbgl-core.dir/src/mbgl/renderer/layers/render_background_layer.cpp.o[32m[39m
[33mclang++: warning: argument unused during compilation: '--gcc-toolchain=/Applications/DevEco-Studio.app/Contents/sdk/default/openharmony/native/llvm' [-Wunused-command-line-argument][33m[39m
[32m[113/608] Building CXX object maplibre/CMakeFiles/mbgl-core.dir/src/mbgl/renderer/render_light.cpp.o[32m[39m
[33mclang++: warning: argument unused during compilation: '--gcc-toolchain=/Applications/DevEco-Studio.app/Contents/sdk/default/openharmony/native/llvm' [-Wunused-command-line-argument][33m[39m
[32m[114/608] Building CXX object maplibre/CMakeFiles/mbgl-core.dir/src/mbgl/renderer/layers/render_raster_layer.cpp.o[32m[39m
[33mclang++: warning: argument unused during compilation: '--gcc-toolchain=/Applications/DevEco-Studio.app/Contents/sdk/default/openharmony/native/llvm' [-Wunused-command-line-argument][33m[39m
[32m[115/608] Building CXX object maplibre/CMakeFiles/mbgl-core.dir/src/mbgl/renderer/layers/render_hillshade_layer.cpp.o[32m[39m
[33mclang++: warning: argument unused during compilation: '--gcc-toolchain=/Applications/DevEco-Studio.app/Contents/sdk/default/openharmony/native/llvm' [-Wunused-command-line-argument][33m[39m
[32m[116/608] Building CXX object maplibre/CMakeFiles/mbgl-core.dir/src/mbgl/renderer/layers/render_heatmap_layer.cpp.o[32m[39m
[33mclang++: warning: argument unused during compilation: '--gcc-toolchain=/Applications/DevEco-Studio.app/Contents/sdk/default/openharmony/native/llvm' [-Wunused-command-line-argument][33m[39m
[32m[117/608] Building CXX object maplibre/CMakeFiles/mbgl-core.dir/src/mbgl/renderer/layers/render_circle_layer.cpp.o[32m[39m
[33mclang++: warning: argument unused during compilation: '--gcc-toolchain=/Applications/DevEco-Studio.app/Contents/sdk/default/openharmony/native/llvm' [-Wunused-command-line-argument][33m[39m
[32m[118/608] Building CXX object maplibre/CMakeFiles/mbgl-core.dir/src/mbgl/renderer/render_layer.cpp.o[32m[39m
[33mclang++: warning: argument unused during compilation: '--gcc-toolchain=/Applications/DevEco-Studio.app/Contents/sdk/default/openharmony/native/llvm' [-Wunused-command-line-argument][33m[39m
[32m[119/608] Building CXX object maplibre/CMakeFiles/mbgl-core.dir/src/mbgl/renderer/layers/render_fill_extrusion_layer.cpp.o[32m[39m
[33mclang++: warning: argument unused during compilation: '--gcc-toolchain=/Applications/DevEco-Studio.app/Contents/sdk/default/openharmony/native/llvm' [-Wunused-command-line-argument][33m[39m
[32m[120/608] Building CXX object maplibre/CMakeFiles/mbgl-core.dir/src/mbgl/renderer/layers/render_fill_layer.cpp.o[32m[39m
[33mclang++: warning: argument unused during compilation: '--gcc-toolchain=/Applications/DevEco-Studio.app/Contents/sdk/default/openharmony/native/llvm' [-Wunused-command-line-argument][33m[39m
[32m[121/608] Building CXX object maplibre/CMakeFiles/mbgl-core.dir/src/mbgl/renderer/layers/render_line_layer.cpp.o[32m[39m
[33mclang++: warning: argument unused during compilation: '--gcc-toolchain=/Applications/DevEco-Studio.app/Contents/sdk/default/openharmony/native/llvm' [-Wunused-command-line-argument][33m[39m
[32m[122/608] Building CXX object maplibre/CMakeFiles/mbgl-core.dir/src/mbgl/renderer/render_source.cpp.o[32m[39m
[33mclang++: warning: argument unused during compilation: '--gcc-toolchain=/Applications/DevEco-Studio.app/Contents/sdk/default/openharmony/native/llvm' [-Wunused-command-line-argument][33m[39m
[32m[123/608] Building CXX object maplibre/CMakeFiles/mbgl-core.dir/src/mbgl/renderer/paint_parameters.cpp.o[32m[39m
[33mclang++: warning: argument unused during compilation: '--gcc-toolchain=/Applications/DevEco-Studio.app/Contents/sdk/default/openharmony/native/llvm' [-Wunused-command-line-argument][33m[39m
[32m[124/608] Building CXX object maplibre/CMakeFiles/mbgl-core.dir/src/mbgl/renderer/renderer_state.cpp.o[32m[39m
[33mclang++: warning: argument unused during compilation: '--gcc-toolchain=/Applications/DevEco-Studio.app/Contents/sdk/default/openharmony/native/llvm' [-Wunused-command-line-argument][33m[39m
[32m[125/608] Building CXX object maplibre/CMakeFiles/mbgl-core.dir/src/mbgl/renderer/layers/render_symbol_layer.cpp.o[32m[39m
[33mclang++: warning: argument unused during compilation: '--gcc-toolchain=/Applications/DevEco-Studio.app/Contents/sdk/default/openharmony/native/llvm' [-Wunused-command-line-argument][33m[39m
[32m[126/608] Building CXX object maplibre/CMakeFiles/mbgl-core.dir/src/mbgl/renderer/render_static_data.cpp.o[32m[39m
[33mclang++: warning: argument unused during compilation: '--gcc-toolchain=/Applications/DevEco-Studio.app/Contents/sdk/default/openharmony/native/llvm' [-Wunused-command-line-argument][33m[39m
[32m[127/608] Building CXX object maplibre/CMakeFiles/mbgl-core.dir/src/mbgl/renderer/render_tile.cpp.o[32m[39m
[33mclang++: warning: argument unused during compilation: '--gcc-toolchain=/Applications/DevEco-Studio.app/Contents/sdk/default/openharmony/native/llvm' [-Wunused-command-line-argument][33m[39m
[32m[128/608] Building CXX object maplibre/CMakeFiles/mbgl-core.dir/src/mbgl/renderer/sources/render_custom_geometry_source.cpp.o[32m[39m
[33mclang++: warning: argument unused during compilation: '--gcc-toolchain=/Applications/DevEco-Studio.app/Contents/sdk/default/openharmony/native/llvm' [-Wunused-command-line-argument][33m[39m
[32m[129/608] Building CXX object maplibre/CMakeFiles/mbgl-core.dir/src/mbgl/renderer/sources/render_geojson_source.cpp.o[32m[39m
[33mclang++: warning: argument unused during compilation: '--gcc-toolchain=/Applications/DevEco-Studio.app/Contents/sdk/default/openharmony/native/llvm' [-Wunused-command-line-argument][33m[39m
[32m[130/608] Building CXX object maplibre/CMakeFiles/mbgl-core.dir/src/mbgl/renderer/source_state.cpp.o[32m[39m
[33mclang++: warning: argument unused during compilation: '--gcc-toolchain=/Applications/DevEco-Studio.app/Contents/sdk/default/openharmony/native/llvm' [-Wunused-command-line-argument][33m[39m
[32m[131/608] Building CXX object maplibre/CMakeFiles/mbgl-core.dir/src/mbgl/shaders/shader_source.cpp.o[32m[39m
[33mclang++: warning: argument unused during compilation: '--gcc-toolchain=/Applications/DevEco-Studio.app/Contents/sdk/default/openharmony/native/llvm' [-Wunused-command-line-argument][33m[39m
[32m[132/608] Building CXX object maplibre/CMakeFiles/mbgl-core.dir/src/mbgl/renderer/sources/render_raster_source.cpp.o[32m[39m
[33mclang++: warning: argument unused during compilation: '--gcc-toolchain=/Applications/DevEco-Studio.app/Contents/sdk/default/openharmony/native/llvm' [-Wunused-command-line-argument][33m[39m
[32m[133/608] Building CXX object maplibre/CMakeFiles/mbgl-core.dir/src/mbgl/renderer/renderer_impl.cpp.o[32m[39m
[33mclang++: warning: argument unused during compilation: '--gcc-toolchain=/Applications/DevEco-Studio.app/Contents/sdk/default/openharmony/native/llvm' [-Wunused-command-line-argument][33m[39m
[32m[134/608] Building CXX object maplibre/CMakeFiles/mbgl-core.dir/src/mbgl/renderer/sources/render_raster_dem_source.cpp.o[32m[39m
[33mclang++: warning: argument unused during compilation: '--gcc-toolchain=/Applications/DevEco-Studio.app/Contents/sdk/default/openharmony/native/llvm' [-Wunused-command-line-argument][33m[39m
[32m[135/608] Building CXX object maplibre/CMakeFiles/mbgl-core.dir/src/mbgl/renderer/sources/render_image_source.cpp.o[32m[39m
[33mclang++: warning: argument unused during compilation: '--gcc-toolchain=/Applications/DevEco-Studio.app/Contents/sdk/default/openharmony/native/llvm' [-Wunused-command-line-argument][33m[39m
[32m[136/608] Building CXX object maplibre/CMakeFiles/mbgl-core.dir/src/mbgl/shaders/program_parameters.cpp.o[32m[39m
[33mclang++: warning: argument unused during compilation: '--gcc-toolchain=/Applications/DevEco-Studio.app/Contents/sdk/default/openharmony/native/llvm' [-Wunused-command-line-argument][33m[39m
[32m[137/608] Building CXX object maplibre/CMakeFiles/mbgl-core.dir/src/mbgl/renderer/style_diff.cpp.o[32m[39m
[33mclang++: warning: argument unused during compilation: '--gcc-toolchain=/Applications/DevEco-Studio.app/Contents/sdk/default/openharmony/native/llvm' [-Wunused-command-line-argument][33m[39m
[32m[138/608] Building CXX object maplibre/CMakeFiles/mbgl-core.dir/src/mbgl/renderer/tile_render_data.cpp.o[32m[39m
[33mclang++: warning: argument unused during compilation: '--gcc-toolchain=/Applications/DevEco-Studio.app/Contents/sdk/default/openharmony/native/llvm' [-Wunused-command-line-argument][33m[39m
[32m[139/608] Building CXX object maplibre/CMakeFiles/mbgl-core.dir/src/mbgl/storage/network_status.cpp.o[32m[39m
[33mclang++: warning: argument unused during compilation: '--gcc-toolchain=/Applications/DevEco-Studio.app/Contents/sdk/default/openharmony/native/llvm' [-Wunused-command-line-argument][33m[39m
[32m[140/608] Building CXX object maplibre/CMakeFiles/mbgl-core.dir/src/mbgl/storage/resource_options.cpp.o[32m[39m
[33mclang++: warning: argument unused during compilation: '--gcc-toolchain=/Applications/DevEco-Studio.app/Contents/sdk/default/openharmony/native/llvm' [-Wunused-command-line-argument][33m[39m
[32m[141/608] Building CXX object maplibre/CMakeFiles/mbgl-core.dir/src/mbgl/renderer/sources/render_vector_source.cpp.o[32m[39m
[33mclang++: warning: argument unused during compilation: '--gcc-toolchain=/Applications/DevEco-Studio.app/Contents/sdk/default/openharmony/native/llvm' [-Wunused-command-line-argument][33m[39m
[32m[142/608] Building CXX object maplibre/CMakeFiles/mbgl-core.dir/src/mbgl/storage/response.cpp.o[32m[39m
[33mclang++: warning: argument unused during compilation: '--gcc-toolchain=/Applications/DevEco-Studio.app/Contents/sdk/default/openharmony/native/llvm' [-Wunused-command-line-argument][33m[39m
[32m[143/608] Building CXX object maplibre/CMakeFiles/mbgl-core.dir/src/mbgl/sprite/sprite_parser.cpp.o[32m[39m
[33mclang++: warning: argument unused during compilation: '--gcc-toolchain=/Applications/DevEco-Studio.app/Contents/sdk/default/openharmony/native/llvm' [-Wunused-command-line-argument][33m[39m
[32m[144/608] Building CXX object maplibre/CMakeFiles/mbgl-core.dir/src/mbgl/storage/file_source_manager.cpp.o[32m[39m
[33mclang++: warning: argument unused during compilation: '--gcc-toolchain=/Applications/DevEco-Studio.app/Contents/sdk/default/openharmony/native/llvm' [-Wunused-command-line-argument][33m[39m
[32m[145/608] Building CXX object maplibre/CMakeFiles/mbgl-core.dir/src/mbgl/storage/resource.cpp.o[32m[39m
[33mclang++: warning: argument unused during compilation: '--gcc-toolchain=/Applications/DevEco-Studio.app/Contents/sdk/default/openharmony/native/llvm' [-Wunused-command-line-argument][33m[39m
[32m[146/608] Building CXX object maplibre/CMakeFiles/mbgl-core.dir/src/mbgl/storage/resource_transform.cpp.o[32m[39m
[33mclang++: warning: argument unused during compilation: '--gcc-toolchain=/Applications/DevEco-Studio.app/Contents/sdk/default/openharmony/native/llvm' [-Wunused-command-line-argument][33m[39m
[32m[147/608] Building CXX object maplibre/CMakeFiles/mbgl-core.dir/src/mbgl/renderer/tile_pyramid.cpp.o[32m[39m
[33mclang++: warning: argument unused during compilation: '--gcc-toolchain=/Applications/DevEco-Studio.app/Contents/sdk/default/openharmony/native/llvm' [-Wunused-command-line-argument][33m[39m
[32m[148/608] Building CXX object maplibre/CMakeFiles/mbgl-core.dir/src/mbgl/sprite/sprite_loader.cpp.o[32m[39m
[33mclang++: warning: argument unused during compilation: '--gcc-toolchain=/Applications/DevEco-Studio.app/Contents/sdk/default/openharmony/native/llvm' [-Wunused-command-line-argument][33m[39m
[32m[149/608] Building CXX object maplibre/CMakeFiles/mbgl-core.dir/src/mbgl/renderer/sources/render_tile_source.cpp.o[32m[39m
[33mclang++: warning: argument unused during compilation: '--gcc-toolchain=/Applications/DevEco-Studio.app/Contents/sdk/default/openharmony/native/llvm' [-Wunused-command-line-argument][33m[39m
[32m[150/608] Building CXX object maplibre/CMakeFiles/mbgl-core.dir/src/mbgl/style/conversion/sprite.cpp.o[32m[39m
[33mclang++: warning: argument unused during compilation: '--gcc-toolchain=/Applications/DevEco-Studio.app/Contents/sdk/default/openharmony/native/llvm' [-Wunused-command-line-argument][33m[39m
[32m[151/608] Building CXX object maplibre/CMakeFiles/mbgl-core.dir/src/mbgl/style/conversion/color_ramp_property_value.cpp.o[32m[39m
[33mclang++: warning: argument unused during compilation: '--gcc-toolchain=/Applications/DevEco-Studio.app/Contents/sdk/default/openharmony/native/llvm' [-Wunused-command-line-argument][33m[39m
[32m[152/608] Building CXX object maplibre/CMakeFiles/mbgl-core.dir/src/mbgl/style/conversion/coordinate.cpp.o[32m[39m
[33mclang++: warning: argument unused during compilation: '--gcc-toolchain=/Applications/DevEco-Studio.app/Contents/sdk/default/openharmony/native/llvm' [-Wunused-command-line-argument][33m[39m
[32m[153/608] Building CXX object maplibre/CMakeFiles/mbgl-core.dir/src/mbgl/style/conversion/custom_geometry_source_options.cpp.o[32m[39m
[33mclang++: warning: argument unused during compilation: '--gcc-toolchain=/Applications/DevEco-Studio.app/Contents/sdk/default/openharmony/native/llvm' [-Wunused-command-line-argument][33m[39m
[32m[154/608] Building CXX object maplibre/CMakeFiles/mbgl-core.dir/src/mbgl/style/conversion/constant.cpp.o[32m[39m
[33mclang++: warning: argument unused during compilation: '--gcc-toolchain=/Applications/DevEco-Studio.app/Contents/sdk/default/openharmony/native/llvm' [-Wunused-command-line-argument][33m[39m
[32m[155/608] Building CXX object maplibre/CMakeFiles/mbgl-core.dir/src/mbgl/renderer/renderer.cpp.o[32m[39m
[33mclang++: warning: argument unused during compilation: '--gcc-toolchain=/Applications/DevEco-Studio.app/Contents/sdk/default/openharmony/native/llvm' [-Wunused-command-line-argument][33m[39m
[32m[156/608] Building CXX object maplibre/CMakeFiles/mbgl-core.dir/src/mbgl/style/conversion/get_json_type.cpp.o[32m[39m
[33mclang++: warning: argument unused during compilation: '--gcc-toolchain=/Applications/DevEco-Studio.app/Contents/sdk/default/openharmony/native/llvm' [-Wunused-command-line-argument][33m[39m
[32m[157/608] Building CXX object maplibre/CMakeFiles/mbgl-core.dir/src/mbgl/style/conversion/geojson_options.cpp.o[32m[39m
[33mclang++: warning: argument unused during compilation: '--gcc-toolchain=/Applications/DevEco-Studio.app/Contents/sdk/default/openharmony/native/llvm' [-Wunused-command-line-argument][33m[39m
[32m[158/608] Building CXX object maplibre/CMakeFiles/mbgl-core.dir/src/mbgl/style/conversion/filter.cpp.o[32m[39m
[33mclang++: warning: argument unused during compilation: '--gcc-toolchain=/Applications/DevEco-Studio.app/Contents/sdk/default/openharmony/native/llvm' [-Wunused-command-line-argument][33m[39m
[32m[159/608] Building CXX object maplibre/CMakeFiles/mbgl-core.dir/src/mbgl/style/conversion/geojson.cpp.o[32m[39m
[33mclang++: warning: argument unused during compilation: '--gcc-toolchain=/Applications/DevEco-Studio.app/Contents/sdk/default/openharmony/native/llvm' [-Wunused-command-line-argument][33m[39m
[32m[160/608] Building CXX object maplibre/CMakeFiles/mbgl-core.dir/src/mbgl/style/conversion/layer.cpp.o[32m[39m
[33mclang++: warning: argument unused during compilation: '--gcc-toolchain=/Applications/DevEco-Studio.app/Contents/sdk/default/openharmony/native/llvm' [-Wunused-command-line-argument][33m[39m
[32m[161/608] Building CXX object maplibre/CMakeFiles/mbgl-core.dir/src/mbgl/style/conversion/light.cpp.o[32m[39m
[33mclang++: warning: argument unused during compilation: '--gcc-toolchain=/Applications/DevEco-Studio.app/Contents/sdk/default/openharmony/native/llvm' [-Wunused-command-line-argument][33m[39m
[32m[162/608] Building CXX object maplibre/CMakeFiles/mbgl-core.dir/src/mbgl/renderer/render_orchestrator.cpp.o[32m[39m
[33mclang++: warning: argument unused during compilation: '--gcc-toolchain=/Applications/DevEco-Studio.app/Contents/sdk/default/openharmony/native/llvm' [-Wunused-command-line-argument][33m[39m
[32m[163/608] Building CXX object maplibre/CMakeFiles/mbgl-core.dir/src/mbgl/style/conversion/position.cpp.o[32m[39m
[33mclang++: warning: argument unused during compilation: '--gcc-toolchain=/Applications/DevEco-Studio.app/Contents/sdk/default/openharmony/native/llvm' [-Wunused-command-line-argument][33m[39m
[32m[164/608] Building CXX object maplibre/CMakeFiles/mbgl-core.dir/src/mbgl/style/conversion/raster_dem_options.cpp.o[32m[39m
[33mclang++: warning: argument unused during compilation: '--gcc-toolchain=/Applications/DevEco-Studio.app/Contents/sdk/default/openharmony/native/llvm' [-Wunused-command-line-argument][33m[39m
[32m[165/608] Building CXX object maplibre/CMakeFiles/mbgl-core.dir/src/mbgl/style/conversion/rotation.cpp.o[32m[39m
[33mclang++: warning: argument unused during compilation: '--gcc-toolchain=/Applications/DevEco-Studio.app/Contents/sdk/default/openharmony/native/llvm' [-Wunused-command-line-argument][33m[39m
[32m[166/608] Building CXX object maplibre/CMakeFiles/mbgl-core.dir/src/mbgl/style/conversion/transition_options.cpp.o[32m[39m
[33mclang++: warning: argument unused during compilation: '--gcc-toolchain=/Applications/DevEco-Studio.app/Contents/sdk/default/openharmony/native/llvm' [-Wunused-command-line-argument][33m[39m
[32m[167/608] Building CXX object maplibre/CMakeFiles/mbgl-core.dir/src/mbgl/style/conversion/tileset.cpp.o[32m[39m
[33mclang++: warning: argument unused during compilation: '--gcc-toolchain=/Applications/DevEco-Studio.app/Contents/sdk/default/openharmony/native/llvm' [-Wunused-command-line-argument][33m[39m
[32m[168/608] Building CXX object maplibre/CMakeFiles/mbgl-core.dir/src/mbgl/style/conversion/source.cpp.o[32m[39m
[33mclang++: warning: argument unused during compilation: '--gcc-toolchain=/Applications/DevEco-Studio.app/Contents/sdk/default/openharmony/native/llvm' [-Wunused-command-line-argument][33m[39m
[32m[169/608] Building CXX object maplibre/CMakeFiles/mbgl-core.dir/src/mbgl/style/expression/check_subtype.cpp.o[32m[39m
[33mclang++: warning: argument unused during compilation: '--gcc-toolchain=/Applications/DevEco-Studio.app/Contents/sdk/default/openharmony/native/llvm' [-Wunused-command-line-argument][33m[39m
[32m[170/608] Building CXX object maplibre/CMakeFiles/mbgl-core.dir/src/mbgl/style/expression/collator.cpp.o[32m[39m
[33mclang++: warning: argument unused during compilation: '--gcc-toolchain=/Applications/DevEco-Studio.app/Contents/sdk/default/openharmony/native/llvm' [-Wunused-command-line-argument][33m[39m
[32m[171/608] Building CXX object maplibre/CMakeFiles/mbgl-core.dir/src/mbgl/style/expression/at.cpp.o[32m[39m
[33mclang++: warning: argument unused during compilation: '--gcc-toolchain=/Applications/DevEco-Studio.app/Contents/sdk/default/openharmony/native/llvm' [-Wunused-command-line-argument][33m[39m
[32m[172/608] Building CXX object maplibre/CMakeFiles/mbgl-core.dir/src/mbgl/style/expression/boolean_operator.cpp.o[32m[39m
[33mclang++: warning: argument unused during compilation: '--gcc-toolchain=/Applications/DevEco-Studio.app/Contents/sdk/default/openharmony/native/llvm' [-Wunused-command-line-argument][33m[39m
[32m[173/608] Building CXX object maplibre/CMakeFiles/mbgl-core.dir/src/mbgl/style/expression/assertion.cpp.o[32m[39m
[33mclang++: warning: argument unused during compilation: '--gcc-toolchain=/Applications/DevEco-Studio.app/Contents/sdk/default/openharmony/native/llvm' [-Wunused-command-line-argument][33m[39m
[32m[174/608] Building CXX object maplibre/CMakeFiles/mbgl-core.dir/src/mbgl/style/conversion/function.cpp.o[32m[39m
[33mclang++: warning: argument unused during compilation: '--gcc-toolchain=/Applications/DevEco-Studio.app/Contents/sdk/default/openharmony/native/llvm' [-Wunused-command-line-argument][33m[39m
[32m[175/608] Building CXX object maplibre/CMakeFiles/mbgl-core.dir/src/mbgl/style/conversion/property_value.cpp.o[32m[39m
[33mclang++: warning: argument unused during compilation: '--gcc-toolchain=/Applications/DevEco-Studio.app/Contents/sdk/default/openharmony/native/llvm' [-Wunused-command-line-argument][33m[39m
[32m[176/608] Building CXX object maplibre/CMakeFiles/mbgl-core.dir/src/mbgl/style/expression/case.cpp.o[32m[39m
[33mclang++: warning: argument unused during compilation: '--gcc-toolchain=/Applications/DevEco-Studio.app/Contents/sdk/default/openharmo